// Jest Snapshot v1, https://goo.gl/fbAQLP

exports[`CalculatorPage component tests: CalculatorPage component renders correctly 1`] = `
<div
  className="background calculator-page"
>
  <div>
    <h2>
      Let's do some math!
    </h2>
    <img
      alt="Math Gif"
      src="https://upload.wikimedia.org/wikipedia/commons/e/e2/Math_-_Idil_Keysan_-_Wikimedia_Giphy_stickers_2019.gif"
    />
  </div>
  <div
    className="calculator"
  >
    <table
      className="calculator-table"
    >
      <tbody>
        <tr>
          <td
            className="result"
            colSpan="4"
          >
            0
          </td>
        </tr>
        <tr>
          <td>
            <button
              onClick={[Function]}
              type="button"
            >
              AC
            </button>
          </td>
          <td>
            <button
              onClick={[Function]}
              type="button"
            >
              +/-
            </button>
          </td>
          <td>
            <button
              onClick={[Function]}
              type="button"
            >
              %
            </button>
          </td>
          <td>
            <button
              className="operator"
              onClick={[Function]}
              type="button"
            >
              รท
            </button>
          </td>
        </tr>
        <tr>
          <td>
            <button
              onClick={[Function]}
              type="button"
            >
              7
            </button>
          </td>
          <td>
            <button
              onClick={[Function]}
              type="button"
            >
              8
            </button>
          </td>
          <td>
            <button
              onClick={[Function]}
              type="button"
            >
              9
            </button>
          </td>
          <td>
            <button
              className="operator"
              onClick={[Function]}
              type="button"
            >
              ร
            </button>
          </td>
        </tr>
        <tr>
          <td>
            <button
              onClick={[Function]}
              type="button"
            >
              4
            </button>
          </td>
          <td>
            <button
              onClick={[Function]}
              type="button"
            >
              5
            </button>
          </td>
          <td>
            <button
              onClick={[Function]}
              type="button"
            >
              6
            </button>
          </td>
          <td>
            <button
              className="operator"
              onClick={[Function]}
              type="button"
            >
              -
            </button>
          </td>
        </tr>
        <tr>
          <td>
            <button
              onClick={[Function]}
              type="button"
            >
              1
            </button>
          </td>
          <td>
            <button
              onClick={[Function]}
              type="button"
            >
              2
            </button>
          </td>
          <td>
            <button
              onClick={[Function]}
              type="button"
            >
              3
            </button>
          </td>
          <td>
            <button
              className="operator"
              onClick={[Function]}
              type="button"
            >
              +
            </button>
          </td>
        </tr>
        <tr>
          <td
            colSpan="2"
          >
            <button
              onClick={[Function]}
              type="button"
            >
              0
            </button>
          </td>
          <td>
            <button
              onClick={[Function]}
              type="button"
            >
              .
            </button>
          </td>
          <td>
            <button
              className="operator"
              onClick={[Function]}
              type="button"
            >
              =
            </button>
          </td>
        </tr>
      </tbody>
    </table>
  </div>
</div>
`;
